\BOOKMARK [1][-]{section.1}{\376\377\000I\000n\000t\000r\000o\000d\000u\000c\000t\000i\000o\000n}{}% 1
\BOOKMARK [1][-]{section.2}{\376\377\000J\000o\000i\000n\000t\000\040\000t\000o\000k\000e\000n\000-\000r\000a\000t\000e\000\040\000a\000l\000l\000o\000c\000a\000t\000i\000o\000n\000\040\000a\000s\000\040\000a\000\040\000c\000o\000m\000m\000o\000n\000\040\000f\000o\000u\000n\000d\000a\000t\000i\000o\000n}{}% 2
\BOOKMARK [1][-]{section.3}{\376\377\000M\000e\000a\000s\000u\000r\000e\000m\000e\000n\000t\000\040\000p\000r\000o\000t\000o\000c\000o\000l}{}% 3
\BOOKMARK [1][-]{section.4}{\376\377\000O\000u\000t\000p\000u\000t\000-\000d\000i\000s\000t\000o\000r\000t\000i\000o\000n\000\040\000r\000e\000g\000i\000m\000e\000s}{}% 4
\BOOKMARK [1][-]{section.5}{\376\377\000D\000o\000\040\000o\000u\000t\000p\000u\000t\000-\000d\000i\000s\000t\000o\000r\000t\000i\000o\000n\000\040\000r\000e\000g\000i\000m\000e\000s\000\040\000t\000r\000a\000n\000s\000f\000e\000r\000\040\000t\000o\000\040\000e\000n\000d\000\040\000t\000a\000s\000k\000s\000?}{}% 5
\BOOKMARK [1][-]{section.6}{\376\377\000I\000m\000p\000l\000i\000c\000a\000t\000i\000o\000n\000s}{}% 6
\BOOKMARK [1][-]{section.7}{\376\377\000R\000e\000l\000a\000t\000e\000d\000\040\000w\000o\000r\000k}{}% 7
\BOOKMARK [1][-]{section.8}{\376\377\000L\000i\000m\000i\000t\000a\000t\000i\000o\000n\000s\000\040\000a\000n\000d\000\040\000c\000o\000n\000c\000l\000u\000s\000i\000o\000n}{}% 8
\BOOKMARK [1][-]{appendix.A}{\376\377\000S\000c\000o\000p\000e\000\040\000o\000f\000\040\000t\000h\000e\000\040\000c\000o\000m\000m\000o\000n\000\040\000r\000a\000t\000e\000-\000a\000l\000l\000o\000c\000a\000t\000i\000o\000n\000\040\000v\000i\000e\000w}{}% 9
\BOOKMARK [1][-]{appendix.B}{\376\377\000O\000u\000t\000p\000u\000t\000\040\000d\000i\000s\000t\000o\000r\000t\000i\000o\000n\000\040\000a\000n\000d\000\040\000t\000h\000e\000\040\000z\000e\000r\000o\000-\000r\000a\000t\000e\000\040\000a\000p\000p\000r\000o\000x\000i\000m\000a\000t\000i\000o\000n}{}% 10
\BOOKMARK [2][-]{subsection.B.1}{\376\377\000A\000t\000t\000e\000n\000t\000i\000o\000n\000\040\000a\000n\000d\000\040\000f\000i\000n\000i\000t\000e\000-\000b\000i\000t\000\040\000k\000e\000y\000\040\000p\000e\000r\000t\000u\000r\000b\000a\000t\000i\000o\000n\000s}{appendix.B}% 11
\BOOKMARK [2][-]{subsection.B.2}{\376\377\000E\000x\000a\000c\000t\000\040\000s\000e\000t\000\040\000e\000v\000i\000c\000t\000i\000o\000n}{appendix.B}% 12
\BOOKMARK [2][-]{subsection.B.3}{\376\377\000T\000h\000e\000\040\000p\000l\000a\000n\000n\000i\000n\000g\000\040\000a\000p\000p\000r\000o\000x\000i\000m\000a\000t\000i\000o\000n}{appendix.B}% 13
\BOOKMARK [1][-]{appendix.C}{\376\377\000D\000i\000s\000c\000r\000e\000t\000e\000\040\000r\000a\000t\000e\000\040\000a\000l\000l\000o\000c\000a\000t\000i\000o\000n\000\040\000a\000n\000d\000\040\000r\000e\000g\000i\000m\000e\000\040\000c\000o\000o\000r\000d\000i\000n\000a\000t\000e\000s}{}% 14
\BOOKMARK [2][-]{subsection.C.1}{\376\377\000T\000h\000e\000\040\000i\000m\000p\000l\000e\000m\000e\000n\000t\000e\000d\000\040\000o\000p\000t\000i\000m\000i\000z\000e\000r}{appendix.C}% 15
\BOOKMARK [2][-]{subsection.C.2}{\376\377\000T\000i\000e\000r\000\040\000e\000x\000t\000i\000n\000c\000t\000i\000o\000n}{appendix.C}% 16
\BOOKMARK [2][-]{subsection.C.3}{\376\377\000W\000h\000y\000\040\000t\000h\000e\000\040\000r\000e\000g\000i\000m\000e\000\040\000m\000a\000p\000\040\000n\000e\000e\000d\000s\000\040\000t\000w\000o\000\040\000c\000o\000o\000r\000d\000i\000n\000a\000t\000e\000s}{appendix.C}% 17
\BOOKMARK [1][-]{appendix.D}{\376\377\000M\000e\000a\000s\000u\000r\000e\000m\000e\000n\000t\000\040\000p\000r\000o\000t\000o\000c\000o\000l\000\040\000a\000n\000d\000\040\000a\000c\000c\000o\000u\000n\000t\000i\000n\000g}{}% 18
\BOOKMARK [2][-]{subsection.D.1}{\376\377\000G\000r\000i\000d\000\040\000a\000n\000d\000\040\000i\000n\000d\000e\000p\000e\000n\000d\000e\000n\000t\000\040\000u\000n\000i\000t\000s}{appendix.D}% 19
\BOOKMARK [2][-]{subsection.D.2}{\376\377\000M\000a\000t\000c\000h\000e\000d\000\040\000i\000n\000f\000o\000r\000m\000a\000t\000i\000o\000n\000\040\000a\000n\000d\000\040\000b\000u\000d\000g\000e\000t}{appendix.D}% 20
\BOOKMARK [2][-]{subsection.D.3}{\376\377\000R\000e\000s\000p\000o\000n\000s\000e\000s}{appendix.D}% 21
\BOOKMARK [2][-]{subsection.D.4}{\376\377\000C\000o\000m\000p\000u\000t\000e\000\040\000r\000e\000s\000o\000u\000r\000c\000e\000s\000\040\000a\000n\000d\000\040\000s\000o\000f\000t\000w\000a\000r\000e}{appendix.D}% 22
\BOOKMARK [1][-]{appendix.E}{\376\377\000A\000d\000d\000i\000t\000i\000o\000n\000a\000l\000\040\000r\000o\000b\000u\000s\000t\000n\000e\000s\000s\000\040\000a\000n\000d\000\040\000d\000e\000p\000l\000o\000y\000m\000e\000n\000t\000\040\000e\000v\000i\000d\000e\000n\000c\000e}{}% 23
\BOOKMARK [1][-]{appendix.F}{\376\377\000E\000n\000d\000-\000t\000a\000s\000k\000\040\000a\000u\000d\000i\000t\000:\000\040\000p\000r\000o\000t\000o\000c\000o\000l\000,\000\040\000b\000a\000s\000e\000l\000i\000n\000e\000s\000,\000\040\000a\000n\000d\000\040\000f\000u\000l\000l\000\040\000r\000e\000s\000u\000l\000t\000s}{}% 24
\BOOKMARK [1][-]{appendix.G}{\376\377\000E\000x\000t\000e\000n\000d\000e\000d\000\040\000r\000e\000l\000a\000t\000e\000d\000\040\000w\000o\000r\000k}{}% 25
